// Jest Snapshot v1, https://goo.gl/fbAQLP

exports[`Video  receive video props 1`] = `null`;
